# serializer version: 1
# name: test_oracle_evaluate_snapshots
  list([
    dict({
      'action': 'none',
      'confidence': 0.2,
      'name': 'empty',
      'reasoning': 'Si fuera cheater, ya habría algo. No hay nada.',
      'score': 0.0,
      'top_factor': '',
    }),
    dict({
      'action': 'none',
      'confidence': 0.39,
      'name': 'low_reach',
      'reasoning': 'Caso tranquilo: comportamiento coherente y sin alertas relevantes. [v3] Razón principal: reach LOW. Acumuló 1 violation de 1 check distinto en la ventana actual.',
      'score': 0.05,
      'top_factor': 'reach LOW',
    }),
    dict({
      'action': 'watch',
      'confidence': 0.58,
      'name': 'mid_combo',
      'reasoning': 'Mmm... no me cierra del todo, pero tampoco puedo afirmar nada. Watch. Razón principal: speed MID. Acumuló 2 violationes de 2 checks distintos en la ventana actual.',
      'score': 0.48,
      'top_factor': 'speed MID',
    }),
    dict({
      'action': 'ss',
      'confidence': 0.39,
      'name': 'critical_wall',
      'reasoning': 'Esto está pidiendo SS a gritos. Razón principal: hit_through_wall CRITICAL. Acumuló 1 violation de 1 check distinto en la ventana actual. Confío poco en este veredicto, vale la pena un humano.',
      'score': 0.9,
      'top_factor': 'hit_through_wall CRITICAL',
    }),
    dict({
      'action': 'ss',
      'confidence': 0.39,
      'name': 'packet_fallback',
      'reasoning': "Patrón típico de cheater 'inteligente'. SS obligatorio. Razón principal: reach_packet HIGH. Acumuló 1 violation de 1 check distinto en la ventana actual. Confío poco en este veredicto, vale la pena un humano.",
      'score': 0.55,
      'top_factor': 'reach_packet HIGH',
    }),
    dict({
      'action': 'none',
      'confidence': 0.49,
      'name': 'old_account',
      'reasoning': 'Revisado con calma: todo en orden y sin señales de trampa. [v2] Razón principal: autoclicker HIGH. Contexto: jugador MUY veterano (250h, ×0.65). Acumuló 1 violation de 1 check distinto en la ventana actual.',
      'score': 0.2925,
      'top_factor': 'autoclicker HIGH',
    }),
    dict({
      'action': 'ss',
      'confidence': 0.39,
      'name': 'new_account',
      'reasoning': 'Sospecha alta, evidencia parcial. Resolvelo con SS. Razón principal: autoclicker HIGH. Contexto: cuenta MUY nueva (×1.35). Acumuló 1 violation de 1 check distinto en la ventana actual. No me jueguen el sueldo a esto.',
      'score': 0.6075,
      'top_factor': 'autoclicker HIGH',
    }),
    dict({
      'action': 'none',
      'confidence': 0.39,
      'name': 'positive_scan',
      'reasoning': 'Patrones de skill, no de cheats. Limpio. Razón principal: reach MID. Contexto: SS reciente DIO POSITIVO (×1.60). Acumuló 1 violation de 1 check distinto en la ventana actual.',
      'score': 0.288,
      'top_factor': 'reach MID',
    }),
    dict({
      'action': 'none',
      'confidence': 0.39,
      'name': 'reports',
      'reasoning': 'Sin movimientos raros, todo normal. Razón principal: reach MID. Contexto: 10 reports recientes (×1.20). Acumuló 1 violation de 1 check distinto en la ventana actual.',
      'score': 0.216,
      'top_factor': 'reach MID',
    }),
    dict({
      'action': 'none',
      'confidence': 0.49,
      'name': 'prior_clean',
      'reasoning': 'Me la juego: este pibe es legit. Razón principal: reach HIGH. Contexto: 6 SS limpios previos (×0.55). Acumuló 1 violation de 1 check distinto en la ventana actual.',
      'score': 0.22,
      'top_factor': 'reach HIGH',
    }),
    dict({
      'action': 'watch',
      'confidence': 0.2,
      'name': 'decay',
      'reasoning': 'Le faltan más datos para que me pronuncie. Watch.',
      'score': 0.4372,
      'top_factor': '',
    }),
    dict({
      'action': 'kick',
      'confidence': 0.58,
      'name': 'critical_mix',
      'reasoning': 'Caso suficientemente claro para sanción de tipo kick. [v1] Razón principal: killaura_no_swing CRITICAL. Acumuló 2 violationes de 2 checks distintos en la ventana actual.',
      'score': 1.0,
      'top_factor': 'killaura_no_swing CRITICAL',
    }),
    dict({
      'action': 'watch',
      'confidence': 0.39,
      'name': 'chat_spam',
      'reasoning': 'Sospecha moderada, recomendamos más muestra antes de decidir. [v2] Razón principal: chat_spam CRITICAL. Acumuló 1 violation de 1 check distinto en la ventana actual.',
      'score': 0.35,
      'top_factor': 'chat_spam CRITICAL',
    }),
    dict({
      'action': 'watch',
      'confidence': 0.39,
      'name': 'unknown_check',
      'reasoning': 'Posible cheater bobo o jugador con suerte. Yo seguiría observando. Razón principal: zzz HIGH. Acumuló 1 violation de 1 check distinto en la ventana actual.',
      'score': 0.45,
      'top_factor': 'zzz HIGH',
    }),
    dict({
      'action': 'none',
      'confidence': 0.39,
      'name': 'first_seen',
      'reasoning': 'Skill legítima, cero patrones de automatización detectables. [v2] Razón principal: speed MID. Contexto: primera vez visto (×1.05). Acumuló 1 violation de 1 check distinto en la ventana actual.',
      'score': 0.315,
      'top_factor': 'speed MID',
    }),
    dict({
      'action': 'ban',
      'confidence': 0.75,
      'name': 'high_density',
      'reasoning': 'Medida proporcional al riesgo y a la evidencia observada: ban. [v1] Razón principal: reach HIGH. Acumuló 10 violationes de 1 check distinto en la ventana actual.',
      'score': 1.0,
      'top_factor': 'reach HIGH',
    }),
    dict({
      'action': 'ss',
      'confidence': 0.47,
      'name': 'mixed_levels',
      'reasoning': "Esto es 'casi seguro'. Que el SS lo confirme. Razón principal: reach HIGH. Acumuló 3 violationes de 1 check distinto en la ventana actual.",
      'score': 0.63,
      'top_factor': 'reach HIGH',
    }),
    dict({
      'action': 'kick',
      'confidence': 0.51,
      'name': 'kick_like',
      'reasoning': 'Cheats activos en este momento. Kick ya. Razón principal: killaura_multi MID. Acumuló 4 violationes de 1 check distinto en la ventana actual.',
      'score': 1.0,
      'top_factor': 'killaura_multi MID',
    }),
    dict({
      'action': 'kick',
      'confidence': 0.51,
      'name': 'ban_like',
      'reasoning': 'Caso suficientemente claro para sanción de tipo kick. [v3] Razón principal: hit_through_wall CRITICAL. Acumuló 4 violationes de 1 check distinto en la ventana actual.',
      'score': 1.0,
      'top_factor': 'hit_through_wall CRITICAL',
    }),
    dict({
      'action': 'none',
      'confidence': 0.39,
      'name': 'long_tail',
      'reasoning': 'Caso tranquilo: comportamiento coherente y sin alertas relevantes. [v3] Razón principal: fasteat LOW. Acumuló 1 violation de 1 check distinto en la ventana actual.',
      'score': 0.0337,
      'top_factor': 'fasteat LOW',
    }),
  ])
# ---
